// Jest Snapshot v1, https://goo.gl/fbAQLP

exports[`GifSearcherApp should render GifSearcherApp component and be equal to the snapshot 1`] = `
{
  "asFragment": [Function],
  "baseElement": <body>
    <div>
      <h2>
        GifSearcherApp
      </h2>
      <form
        aria-label="form"
      >
        <input
          type="text"
          value="Rick and Morty"
        />
      </form>
      <h3>
        One Punch
      </h3>
      <p>
        Loading...
      </p>
      <div
        class="card-grid"
      />
    </div>
  </body>,
  "container": <div>
    <h2>
      GifSearcherApp
    </h2>
    <form
      aria-label="form"
    >
      <input
        type="text"
        value="Rick and Morty"
      />
    </form>
    <h3>
      One Punch
    </h3>
    <p>
      Loading...
    </p>
    <div
      class="card-grid"
    />
  </div>,
  "debug": [Function],
  "findAllByAltText": [Function],
  "findAllByDisplayValue": [Function],
  "findAllByLabelText": [Function],
  "findAllByPlaceholderText": [Function],
  "findAllByRole": [Function],
  "findAllByTestId": [Function],
  "findAllByText": [Function],
  "findAllByTitle": [Function],
  "findByAltText": [Function],
  "findByDisplayValue": [Function],
  "findByLabelText": [Function],
  "findByPlaceholderText": [Function],
  "findByRole": [Function],
  "findByTestId": [Function],
  "findByText": [Function],
  "findByTitle": [Function],
  "getAllByAltText": [Function],
  "getAllByDisplayValue": [Function],
  "getAllByLabelText": [Function],
  "getAllByPlaceholderText": [Function],
  "getAllByRole": [Function],
  "getAllByTestId": [Function],
  "getAllByText": [Function],
  "getAllByTitle": [Function],
  "getByAltText": [Function],
  "getByDisplayValue": [Function],
  "getByLabelText": [Function],
  "getByPlaceholderText": [Function],
  "getByRole": [Function],
  "getByTestId": [Function],
  "getByText": [Function],
  "getByTitle": [Function],
  "queryAllByAltText": [Function],
  "queryAllByDisplayValue": [Function],
  "queryAllByLabelText": [Function],
  "queryAllByPlaceholderText": [Function],
  "queryAllByRole": [Function],
  "queryAllByTestId": [Function],
  "queryAllByText": [Function],
  "queryAllByTitle": [Function],
  "queryByAltText": [Function],
  "queryByDisplayValue": [Function],
  "queryByLabelText": [Function],
  "queryByPlaceholderText": [Function],
  "queryByRole": [Function],
  "queryByTestId": [Function],
  "queryByText": [Function],
  "queryByTitle": [Function],
  "rerender": [Function],
  "unmount": [Function],
}
`;
