// Jest Snapshot v1, https://goo.gl/fbAQLP

exports[`Item should render correctly 1`] = `
<div>
  <div
    class="card"
  >
    <img
      alt="Title"
      src="https://localhost/image.png"
    />
    <p>
      Title
    </p>
  </div>
</div>
`;
